// Jest Snapshot v1, https://goo.gl/fbAQLP

exports[`Tests in <TodoApp /> should display correctly 1`] = `
<div>
  <h1>
    TodoApp (
    0
    )
  </h1>
  <hr />
  <div
    className="row"
  >
    <div
      className="col-7"
    >
      <TodoList
        handleDelete={[Function]}
        handleToggle={[Function]}
        tasks={Array []}
      />
    </div>
    <div
      className="col-5"
    >
      <TodoAdd
        handleAddTask={[Function]}
      />
    </div>
  </div>
</div>
`;
