// Jest Snapshot v1, https://goo.gl/fbAQLP

exports[`Tests in <TodoListItem /> should display correctly 1`] = `
<li
  className="list-group-item d-flex justify-content-between align-items-center"
  key="1"
>
  <span
    className="false"
    onClick={[Function]}
  >
    1
    . 
    Learn React
  </span>
  <button
    className="btn btn-sm btn-danger"
    onClick={[Function]}
  >
    Delete
  </button>
</li>
`;
