// Jest Snapshot v1, https://goo.gl/fbAQLP

exports[`Tests in <TodoAdd /> should display correctly 1`] = `
<Fragment>
  <h4>
    Add task
  </h4>
  <hr />
  <form
    className="form-inline"
    onSubmit={[Function]}
  >
    <div
      className="form-group mx-sm-3 mb-2"
    >
      <input
        autoComplete="off"
        className="form-control form-control-sm"
        name="description"
        placeholder="Add a task to do..."
        type="text"
      />
    </div>
    <button
      className="btn btn-sm btn-outline-primary mb-2"
      type="submit"
    >
      Add
    </button>
  </form>
</Fragment>
`;
