// Jest Snapshot v1, https://goo.gl/fbAQLP

exports[`Tests in <RealExampleRef /> should display correctly 1`] = `
<div>
  <h1>
    RealExampleRef
  </h1>
  <hr />
  <button
    className="btn btn-primary"
    onClick={[Function]}
  >
    Show / Hide
  </button>
</div>
`;
