// Jest Snapshot v1, https://goo.gl/fbAQLP

exports[`Tests into <CounterApp /> should show <CounterApp /> alright 1`] = `
<Fragment>
  <h1>
    Counter App
  </h1>
  <h2>
    10
  </h2>
  <button
    onClick={[Function]}
  >
    -1
  </button>
  <button
    onClick={[Function]}
  >
    Reset
  </button>
  <button
    onClick={[Function]}
  >
    +1
  </button>
</Fragment>
`;
