// Jest Snapshot v1, https://goo.gl/fbAQLP

exports[`Tests into <FirstApp /> should show <FirstApp /> properly 1`] = `
<Fragment>
  <h1>
    Hello! I am Goku
  </h1>
  <p>
     
    Im a subtitle
     
  </p>
</Fragment>
`;
