// Jest Snapshot v1, https://goo.gl/fbAQLP

exports[`Tests on <HooksApp /> should display correctly 1`] = `
<div>
  <h1>
    Hello world!
  </h1>
</div>
`;
