// Jest Snapshot v1, https://goo.gl/fbAQLP

exports[`Tests in <HomeScreen /> should display correctly 1`] = `
<div>
  <h1>
    HomeScreen
  </h1>
  <hr />
  <pre>
    {
   "name": "Ismael",
   "email": "ismael@gmail.com"
}
  </pre>
</div>
`;
